
◆  Rendering video → /home/lake/workspaces/yingya/experiments/planning-20260914/results/grid/baseline/video/draft.mp4
   30fps · draft · 1 workers

[?25l│
◇  Browser: cache
[?25h
  ⚠ studio_missing_editable_id: <div class="layer" data-track-index="1"> has no id, so Studio cannot use a stable edit target for its timeline and canvas controls.
    Fix: Add a stable, human-readable id such as id="hero-title" or id="scene-1-card" to every timeline-visible element you want agents or Studio to edit.
  ⚠ studio_missing_editable_id: <div class="layer" data-start="15" data-track-index="7"> has no id, so Studio cannot use a stable edit target for its timeline and canvas controls.
    Fix: Add a stable, human-readable id such as id="hero-title" or id="scene-1-card" to every timeline-visible element you want agents or Studio to edit.
  ⚠ studio_missing_editable_id: <div class="layer" data-track-index="9"> has no id, so Studio cannot use a stable edit target for its timeline and canvas controls.
    Fix: Add a stable, human-readable id such as id="hero-title" or id="scene-1-card" to every timeline-visible element you want agents or Studio to edit.
  ⚠ timed_element_missing_clip_class [scene-1]: <section id="scene-1"> has timing attributes but no class="clip". The runtime still hides it outside its time range, but Studio and the GSAP clip-ownership rules use .clip to recognise a clip, so leaving it off makes the element harder to edit and to lint.
    Fix: Add class="clip" to the element so Studio and the linter can recognise it as a clip.
  ⚠ timed_element_missing_clip_class [scene-2]: <section id="scene-2"> has timing attributes but no class="clip". The runtime still hides it outside its time range, but Studio and the GSAP clip-ownership rules use .clip to recognise a clip, so leaving it off makes the element harder to edit and to lint.
    Fix: Add class="clip" to the element so Studio and the linter can recognise it as a clip.
  ⚠ timed_element_missing_clip_class [scene-3]: <section id="scene-3"> has timing attributes but no class="clip". The runtime still hides it outside its time range, but Studio and the GSAP clip-ownership rules use .clip to recognise a clip, so leaving it off makes the element harder to edit and to lint.
    Fix: Add class="clip" to the element so Studio and the linter can recognise it as a clip.
  ⚠ timed_element_missing_clip_class [shared-chart]: <div id="shared-chart"> has timing attributes but no class="clip". The runtime still hides it outside its time range, but Studio and the GSAP clip-ownership rules use .clip to recognise a clip, so leaving it off makes the element harder to edit and to lint.
    Fix: Add class="clip" to the element so Studio and the linter can recognise it as a clip.
  ⚠ timed_element_missing_clip_class [scene-4]: <section id="scene-4"> has timing attributes but no class="clip". The runtime still hides it outside its time range, but Studio and the GSAP clip-ownership rules use .clip to recognise a clip, so leaving it off makes the element harder to edit and to lint.
    Fix: Add class="clip" to the element so Studio and the linter can recognise it as a clip.
  ⚠ timed_element_missing_clip_class: <div> has timing attributes but no class="clip". The runtime still hides it outside its time range, but Studio and the GSAP clip-ownership rules use .clip to recognise a clip, so leaving it off makes the element harder to edit and to lint.
    Fix: Add class="clip" to the element so Studio and the linter can recognise it as a clip.
  ⚠ timed_element_missing_clip_class [scene-5]: <section id="scene-5"> has timing attributes but no class="clip". The runtime still hides it outside its time range, but Studio and the GSAP clip-ownership rules use .clip to recognise a clip, so leaving it off makes the element harder to edit and to lint.
    Fix: Add class="clip" to the element so Studio and the linter can recognise it as a clip.
  Continuing render despite lint warnings. Use --strict-all to block warnings.

[INFO] [Render] Pipeline started {"renderJobId":"49b5ee14-0432-4d97-8d5e-cd696c197d7b","platform":"linux","arch":"x64","nodeVersion":"v22.21.0","fps":{"num":30,"den":1},"format":"mp4","quality":"draft","browserGpuMode":"software","forceScreenshot":true,"protocolTimeout":300000,"browserTimeout":120000,"pageNavigationTimeout":60000,"playerReadyTimeout":45000}
[INFO] [Render:trace] {"renderJobId":"49b5ee14-0432-4d97-8d5e-cd696c197d7b","phase":"pipeline","status":"checkpoint","elapsedMs":3,"message":"started","format":"mp4","quality":"draft","browserGpuMode":"software","forceScreenshot":true,"protocolTimeoutMs":300000,"pageNavigationTimeoutMs":60000,"playerReadyTimeoutMs":45000,"requestedWorkers":1}
[INFO] [Render:trace] {"renderJobId":"49b5ee14-0432-4d97-8d5e-cd696c197d7b","phase":"compile","status":"start","elapsedMs":5,"needsAlpha":false}
  █░░░░░░░░░░░░░░░░░░░░░░░░  5%  Compiling composition
[INFO] [Compiler] Kept large local font file-backed: assets/NotoSansCJK-Regular.ttc (> 5.0 MB)
[INFO] [Compiler] Kept large local font file-backed: assets/NotoSansCJK-Bold.ttc (> 5.0 MB)
[INFO] Compiled composition metadata {"renderJobId":"49b5ee14-0432-4d97-8d5e-cd696c197d7b","entryFile":"index.html","staticDuration":24,"width":1280,"height":720,"videoCount":0,"audioCount":0,"renderModeHints":{"recommendScreenshot":false,"reasons":[]}}
[INFO] [Render:trace] {"renderJobId":"49b5ee14-0432-4d97-8d5e-cd696c197d7b","phase":"compile","status":"end","elapsedMs":91,"durationMs":86,"needsAlpha":false}
[INFO] [Render:trace] {"renderJobId":"49b5ee14-0432-4d97-8d5e-cd696c197d7b","phase":"compile","status":"checkpoint","elapsedMs":91,"message":"composition metadata resolved","width":1280,"height":720,"videoCount":0,"audioCount":0,"imageCount":0,"deviceScaleFactor":1,"forceScreenshot":true,"compositionHash":"c526002d53d99a06"}
[INFO] [Render:trace] {"renderJobId":"49b5ee14-0432-4d97-8d5e-cd696c197d7b","phase":"browser_probe","status":"start","elapsedMs":91,"forceScreenshot":true,"stagePhase":"calibrating"}
[INFO] [Render:trace] {"renderJobId":"49b5ee14-0432-4d97-8d5e-cd696c197d7b","phase":"browser_probe","status":"end","elapsedMs":95,"durationMs":3,"forceScreenshot":true,"stagePhase":"calibrating"}
[INFO] [Render:trace] {"renderJobId":"49b5ee14-0432-4d97-8d5e-cd696c197d7b","phase":"browser_probe","status":"checkpoint","elapsedMs":95,"message":"duration resolved","durationSeconds":24,"totalFrames":720,"compositionHash":"c526002d53d99a06","beginFrameStalled":false}
[INFO] [Render:trace] {"renderJobId":"49b5ee14-0432-4d97-8d5e-cd696c197d7b","phase":"video_extract","status":"start","elapsedMs":95,"videoCount":0}
  ██░░░░░░░░░░░░░░░░░░░░░░░  10%  Extracting video frames
[INFO] [Render:trace] {"renderJobId":"49b5ee14-0432-4d97-8d5e-cd696c197d7b","phase":"video_extract","status":"end","elapsedMs":96,"durationMs":1,"videoCount":0}
[INFO] [Render:trace] {"renderJobId":"49b5ee14-0432-4d97-8d5e-cd696c197d7b","phase":"video_extract","status":"checkpoint","elapsedMs":97,"message":"frames resolved","videoCount":0,"extractedVideoCount":0,"totalFramesExtracted":0,"maxFramesPerVideo":0,"avgFramesPerExtractedVideo":null,"vfrPreflightCount":null,"vfrPreflightMs":null,"cacheHits":null,"cacheMisses":null,"transientRetries":null,"minVideoFrameCoverageRatio":null,"authoredTimedClipCount":8}
[INFO] [Render] No HDR sources detected — rendering SDR {"renderJobId":"49b5ee14-0432-4d97-8d5e-cd696c197d7b"}
[INFO] [Render:trace] {"renderJobId":"49b5ee14-0432-4d97-8d5e-cd696c197d7b","phase":"hdr_detection","status":"checkpoint","elapsedMs":97,"message":"resolved","requestedHdrMode":"auto","effectiveHdr":"sdr","nativeHdrVideoCount":0,"nativeHdrImageCount":0}
[INFO] [Render:trace] {"renderJobId":"49b5ee14-0432-4d97-8d5e-cd696c197d7b","phase":"audio_process","status":"start","elapsedMs":97,"audioCount":0}
[INFO] [Render:trace] {"renderJobId":"49b5ee14-0432-4d97-8d5e-cd696c197d7b","phase":"audio_process","status":"end","elapsedMs":98,"durationMs":1,"audioCount":0}
  █████░░░░░░░░░░░░░░░░░░░░  20%  Processing audio tracks
[INFO] [Render:trace] {"renderJobId":"49b5ee14-0432-4d97-8d5e-cd696c197d7b","phase":"file_server","status":"start","elapsedMs":98,"reused":false}
  ██████░░░░░░░░░░░░░░░░░░░  25%  Starting frame capture
[INFO] [Render:trace] {"renderJobId":"49b5ee14-0432-4d97-8d5e-cd696c197d7b","phase":"file_server","status":"end","elapsedMs":101,"durationMs":3}
[INFO] [Render:trace] {"renderJobId":"49b5ee14-0432-4d97-8d5e-cd696c197d7b","phase":"capture_calibration","status":"checkpoint","elapsedMs":102,"message":"skipped","requestedWorkers":1,"totalFrames":720,"htmlInCanvasDetected":false,"lowMemoryMode":false,"deInversionEligible":false,"deParallelRouterEligible":false}
[INFO] [Render:trace] {"renderJobId":"49b5ee14-0432-4d97-8d5e-cd696c197d7b","phase":"worker_resolution","status":"checkpoint","elapsedMs":103,"message":"resolved","workerCount":1}
[INFO] streaming-encode gate {"renderJobId":"49b5ee14-0432-4d97-8d5e-cd696c197d7b","enabled":true,"configFlag":true,"outputFormat":"mp4","workerCount":1,"durationSeconds":24,"maxDurationSeconds":240}
[INFO] [Render:trace] {"renderJobId":"49b5ee14-0432-4d97-8d5e-cd696c197d7b","phase":"capture_strategy","status":"checkpoint","elapsedMs":104,"message":"resolved","workerCount":1,"forceScreenshot":true,"captureBeyondViewport":null,"useStreamingEncode":true,"useLayeredComposite":false,"usePageSideCompositing":false,"hasHdrContent":false,"hasShaderTransitions":false,"isPngSequence":false}
[INFO] [Render:trace] {"renderJobId":"49b5ee14-0432-4d97-8d5e-cd696c197d7b","phase":"capture_streaming","status":"start","elapsedMs":104,"stagePhase":"capturing","workerCount":1,"forceScreenshot":true,"totalFrames":720,"framesCompleted":0,"captureMode":"screenshot","captureOperation":"captureScreenshot"}
[BrowserManager] Browser launched (HeadlessChrome/152.0.7977.30, screenshot, gl=--use-gl=angle --use-angle=swiftshader, headlessShell=true, platform=linux)
[initSession:screenshot] page.goto start (0ms)
[HyperFrames] render runtime fps [object Object]
[initSession:screenshot] page.goto complete (129ms)
[initSession:screenshot] GSAP proxy flush complete (149ms)
[initSession:screenshot] pollHfReady complete (150ms)
[initSession:screenshot] pollSubCompositionTimelines complete (ready) (153ms)
[initSession:screenshot] applyVideoMetadataHints complete (153ms)
[initSession:screenshot] media + fonts + tailwind ready (450ms)
[initSession:screenshot] static-frame dedup: 375/375 predicted frame(s) reusable (outcome=verified, runs=4/4, screenshots=28, seeks=29, elapsedMs=1107) (1564ms)
  ██████░░░░░░░░░░░░░░░░░░░  25%  Streaming frame 1/720
  ██████░░░░░░░░░░░░░░░░░░░  25%  Streaming frame 2/720
  ██████░░░░░░░░░░░░░░░░░░░  25%  Streaming frame 3/720
  ██████░░░░░░░░░░░░░░░░░░░  25%  Streaming frame 4/720
  ██████░░░░░░░░░░░░░░░░░░░  25%  Streaming frame 5/720
  ██████░░░░░░░░░░░░░░░░░░░  25%  Streaming frame 6/720
  ██████░░░░░░░░░░░░░░░░░░░  26%  Streaming frame 7/720
  ██████░░░░░░░░░░░░░░░░░░░  26%  Streaming frame 8/720
  ██████░░░░░░░░░░░░░░░░░░░  26%  Streaming frame 9/720
  ██████░░░░░░░░░░░░░░░░░░░  26%  Streaming frame 10/720
  ██████░░░░░░░░░░░░░░░░░░░  26%  Streaming frame 11/720
  ██████░░░░░░░░░░░░░░░░░░░  26%  Streaming frame 12/720
  ██████░░░░░░░░░░░░░░░░░░░  26%  Streaming frame 13/720
  ██████░░░░░░░░░░░░░░░░░░░  26%  Streaming frame 14/720
  ██████░░░░░░░░░░░░░░░░░░░  26%  Streaming frame 15/720
  ██████░░░░░░░░░░░░░░░░░░░  26%  Streaming frame 16/720
  ██████░░░░░░░░░░░░░░░░░░░  26%  Streaming frame 17/720
  ██████░░░░░░░░░░░░░░░░░░░  26%  Streaming frame 18/720
  ██████░░░░░░░░░░░░░░░░░░░  26%  Streaming frame 19/720
  ██████░░░░░░░░░░░░░░░░░░░  27%  Streaming frame 20/720
  ██████░░░░░░░░░░░░░░░░░░░  27%  Streaming frame 21/720
  ██████░░░░░░░░░░░░░░░░░░░  27%  Streaming frame 22/720
  ██████░░░░░░░░░░░░░░░░░░░  27%  Streaming frame 23/720
  ██████░░░░░░░░░░░░░░░░░░░  27%  Streaming frame 24/720
  ██████░░░░░░░░░░░░░░░░░░░  27%  Streaming frame 25/720
  ██████░░░░░░░░░░░░░░░░░░░  27%  Streaming frame 26/720
  ██████░░░░░░░░░░░░░░░░░░░  27%  Streaming frame 27/720
  ██████░░░░░░░░░░░░░░░░░░░  27%  Streaming frame 28/720
  ██████░░░░░░░░░░░░░░░░░░░  27%  Streaming frame 29/720
  ██████░░░░░░░░░░░░░░░░░░░  27%  Streaming frame 30/720
  ██████░░░░░░░░░░░░░░░░░░░  27%  Streaming frame 31/720
  ██████░░░░░░░░░░░░░░░░░░░  27%  Streaming frame 32/720
  ███████░░░░░░░░░░░░░░░░░░  28%  Streaming frame 33/720
  ███████░░░░░░░░░░░░░░░░░░  28%  Streaming frame 34/720
  ███████░░░░░░░░░░░░░░░░░░  28%  Streaming frame 35/720
  ███████░░░░░░░░░░░░░░░░░░  28%  Streaming frame 36/720
  ███████░░░░░░░░░░░░░░░░░░  28%  Streaming frame 37/720
  ███████░░░░░░░░░░░░░░░░░░  28%  Streaming frame 38/720
  ███████░░░░░░░░░░░░░░░░░░  28%  Streaming frame 39/720
  ███████░░░░░░░░░░░░░░░░░░  28%  Streaming frame 40/720
  ███████░░░░░░░░░░░░░░░░░░  28%  Streaming frame 41/720
  ███████░░░░░░░░░░░░░░░░░░  28%  Streaming frame 42/720
  ███████░░░░░░░░░░░░░░░░░░  28%  Streaming frame 43/720
  ███████░░░░░░░░░░░░░░░░░░  28%  Streaming frame 44/720
  ███████░░░░░░░░░░░░░░░░░░  28%  Streaming frame 45/720
  ███████░░░░░░░░░░░░░░░░░░  29%  Streaming frame 46/720
  ███████░░░░░░░░░░░░░░░░░░  29%  Streaming frame 47/720
  ███████░░░░░░░░░░░░░░░░░░  29%  Streaming frame 48/720
  ███████░░░░░░░░░░░░░░░░░░  29%  Streaming frame 49/720
  ███████░░░░░░░░░░░░░░░░░░  29%  Streaming frame 50/720
  ███████░░░░░░░░░░░░░░░░░░  29%  Streaming frame 51/720
  ███████░░░░░░░░░░░░░░░░░░  29%  Streaming frame 52/720
  ███████░░░░░░░░░░░░░░░░░░  29%  Streaming frame 53/720
  ███████░░░░░░░░░░░░░░░░░░  29%  Streaming frame 54/720
  ███████░░░░░░░░░░░░░░░░░░  29%  Streaming frame 55/720
  ███████░░░░░░░░░░░░░░░░░░  29%  Streaming frame 56/720
  ███████░░░░░░░░░░░░░░░░░░  29%  Streaming frame 57/720
  ███████░░░░░░░░░░░░░░░░░░  29%  Streaming frame 58/720
  ███████░░░░░░░░░░░░░░░░░░  30%  Streaming frame 59/720
  ███████░░░░░░░░░░░░░░░░░░  30%  Streaming frame 60/720
  ███████░░░░░░░░░░░░░░░░░░  30%  Streaming frame 61/720
  ███████░░░░░░░░░░░░░░░░░░  30%  Streaming frame 62/720
  ███████░░░░░░░░░░░░░░░░░░  30%  Streaming frame 63/720
  ███████░░░░░░░░░░░░░░░░░░  30%  Streaming frame 64/720
  ███████░░░░░░░░░░░░░░░░░░  30%  Streaming frame 65/720
  ███████░░░░░░░░░░░░░░░░░░  30%  Streaming frame 66/720
  ███████░░░░░░░░░░░░░░░░░░  30%  Streaming frame 67/720
  ███████░░░░░░░░░░░░░░░░░░  30%  Streaming frame 68/720
  ███████░░░░░░░░░░░░░░░░░░  30%  Streaming frame 69/720
  ███████░░░░░░░░░░░░░░░░░░  30%  Streaming frame 70/720
  ███████░░░░░░░░░░░░░░░░░░  30%  Streaming frame 71/720
  ███████░░░░░░░░░░░░░░░░░░  31%  Streaming frame 72/720
  ███████░░░░░░░░░░░░░░░░░░  31%  Streaming frame 73/720
  ███████░░░░░░░░░░░░░░░░░░  31%  Streaming frame 74/720
  ███████░░░░░░░░░░░░░░░░░░  31%  Streaming frame 75/720
  ███████░░░░░░░░░░░░░░░░░░  31%  Streaming frame 76/720
  ███████░░░░░░░░░░░░░░░░░░  31%  Streaming frame 77/720
  ███████░░░░░░░░░░░░░░░░░░  31%  Streaming frame 78/720
  ███████░░░░░░░░░░░░░░░░░░  31%  Streaming frame 79/720
  ███████░░░░░░░░░░░░░░░░░░  31%  Streaming frame 80/720
  ███████░░░░░░░░░░░░░░░░░░  31%  Streaming frame 81/720
  ███████░░░░░░░░░░░░░░░░░░  31%  Streaming frame 82/720
  ███████░░░░░░░░░░░░░░░░░░  31%  Streaming frame 83/720
  ███████░░░░░░░░░░░░░░░░░░  31%  Streaming frame 84/720
  ███████░░░░░░░░░░░░░░░░░░  31%  Streaming frame 85/720
  ████████░░░░░░░░░░░░░░░░░  32%  Streaming frame 86/720
  ████████░░░░░░░░░░░░░░░░░  32%  Streaming frame 87/720
  ████████░░░░░░░░░░░░░░░░░  32%  Streaming frame 88/720
  ████████░░░░░░░░░░░░░░░░░  32%  Streaming frame 89/720
  ████████░░░░░░░░░░░░░░░░░  32%  Streaming frame 90/720
  ████████░░░░░░░░░░░░░░░░░  32%  Streaming frame 91/720
  ████████░░░░░░░░░░░░░░░░░  32%  Streaming frame 92/720
  ████████░░░░░░░░░░░░░░░░░  32%  Streaming frame 93/720
  ████████░░░░░░░░░░░░░░░░░  32%  Streaming frame 94/720
  ████████░░░░░░░░░░░░░░░░░  32%  Streaming frame 95/720
  ████████░░░░░░░░░░░░░░░░░  32%  Streaming frame 96/720
  ████████░░░░░░░░░░░░░░░░░  32%  Streaming frame 97/720
  ████████░░░░░░░░░░░░░░░░░  32%  Streaming frame 98/720
  ████████░░░░░░░░░░░░░░░░░  33%  Streaming frame 99/720
  ████████░░░░░░░░░░░░░░░░░  33%  Streaming frame 100/720
  ████████░░░░░░░░░░░░░░░░░  33%  Streaming frame 101/720
  ████████░░░░░░░░░░░░░░░░░  33%  Streaming frame 102/720
  ████████░░░░░░░░░░░░░░░░░  33%  Streaming frame 103/720
  ████████░░░░░░░░░░░░░░░░░  33%  Streaming frame 104/720
  ████████░░░░░░░░░░░░░░░░░  33%  Streaming frame 105/720
  ████████░░░░░░░░░░░░░░░░░  33%  Streaming frame 106/720
  ████████░░░░░░░░░░░░░░░░░  33%  Streaming frame 107/720
  ████████░░░░░░░░░░░░░░░░░  33%  Streaming frame 108/720
  ████████░░░░░░░░░░░░░░░░░  33%  Streaming frame 109/720
  ████████░░░░░░░░░░░░░░░░░  33%  Streaming frame 110/720
  ████████░░░░░░░░░░░░░░░░░  33%  Streaming frame 111/720
  ████████░░░░░░░░░░░░░░░░░  34%  Streaming frame 112/720
  ████████░░░░░░░░░░░░░░░░░  34%  Streaming frame 113/720
  ████████░░░░░░░░░░░░░░░░░  34%  Streaming frame 114/720
  ████████░░░░░░░░░░░░░░░░░  34%  Streaming frame 115/720
  ████████░░░░░░░░░░░░░░░░░  34%  Streaming frame 116/720
  ████████░░░░░░░░░░░░░░░░░  34%  Streaming frame 117/720
  ████████░░░░░░░░░░░░░░░░░  34%  Streaming frame 118/720
  ████████░░░░░░░░░░░░░░░░░  34%  Streaming frame 119/720
  ████████░░░░░░░░░░░░░░░░░  34%  Streaming frame 120/720
  ████████░░░░░░░░░░░░░░░░░  34%  Streaming frame 121/720
  ████████░░░░░░░░░░░░░░░░░  34%  Streaming frame 122/720
  ████████░░░░░░░░░░░░░░░░░  34%  Streaming frame 123/720
  ████████░░░░░░░░░░░░░░░░░  34%  Streaming frame 124/720
  ████████░░░░░░░░░░░░░░░░░  35%  Streaming frame 125/720
  ████████░░░░░░░░░░░░░░░░░  35%  Streaming frame 126/720
  ████████░░░░░░░░░░░░░░░░░  35%  Streaming frame 127/720
  ████████░░░░░░░░░░░░░░░░░  35%  Streaming frame 128/720
  ████████░░░░░░░░░░░░░░░░░  35%  Streaming frame 129/720
  ████████░░░░░░░░░░░░░░░░░  35%  Streaming frame 130/720
  ████████░░░░░░░░░░░░░░░░░  35%  Streaming frame 131/720
  ████████░░░░░░░░░░░░░░░░░  35%  Streaming frame 132/720
  ████████░░░░░░░░░░░░░░░░░  35%  Streaming frame 133/720
  ████████░░░░░░░░░░░░░░░░░  35%  Streaming frame 134/720
  ████████░░░░░░░░░░░░░░░░░  35%  Streaming frame 135/720
  ████████░░░░░░░░░░░░░░░░░  35%  Streaming frame 136/720
  ████████░░░░░░░░░░░░░░░░░  35%  Streaming frame 137/720
  █████████░░░░░░░░░░░░░░░░  36%  Streaming frame 138/720
  █████████░░░░░░░░░░░░░░░░  36%  Streaming frame 139/720
  █████████░░░░░░░░░░░░░░░░  36%  Streaming frame 140/720
  █████████░░░░░░░░░░░░░░░░  36%  Streaming frame 141/720
  █████████░░░░░░░░░░░░░░░░  36%  Streaming frame 142/720
  █████████░░░░░░░░░░░░░░░░  36%  Streaming frame 143/720
  █████████░░░░░░░░░░░░░░░░  36%  Streaming frame 144/720
  █████████░░░░░░░░░░░░░░░░  36%  Streaming frame 145/720
  █████████░░░░░░░░░░░░░░░░  36%  Streaming frame 146/720
  █████████░░░░░░░░░░░░░░░░  36%  Streaming frame 147/720
  █████████░░░░░░░░░░░░░░░░  36%  Streaming frame 148/720
  █████████░░░░░░░░░░░░░░░░  36%  Streaming frame 149/720
  █████████░░░░░░░░░░░░░░░░  36%  Streaming frame 150/720
  █████████░░░░░░░░░░░░░░░░  37%  Streaming frame 151/720
  █████████░░░░░░░░░░░░░░░░  37%  Streaming frame 152/720
  █████████░░░░░░░░░░░░░░░░  37%  Streaming frame 153/720
  █████████░░░░░░░░░░░░░░░░  37%  Streaming frame 154/720
  █████████░░░░░░░░░░░░░░░░  37%  Streaming frame 155/720
  █████████░░░░░░░░░░░░░░░░  37%  Streaming frame 156/720
  █████████░░░░░░░░░░░░░░░░  37%  Streaming frame 157/720
  █████████░░░░░░░░░░░░░░░░  37%  Streaming frame 158/720
  █████████░░░░░░░░░░░░░░░░  37%  Streaming frame 159/720
  █████████░░░░░░░░░░░░░░░░  37%  Streaming frame 160/720
  █████████░░░░░░░░░░░░░░░░  37%  Streaming frame 161/720
  █████████░░░░░░░░░░░░░░░░  37%  Streaming frame 162/720
  █████████░░░░░░░░░░░░░░░░  37%  Streaming frame 163/720
  █████████░░░░░░░░░░░░░░░░  38%  Streaming frame 164/720
  █████████░░░░░░░░░░░░░░░░  38%  Streaming frame 165/720
  █████████░░░░░░░░░░░░░░░░  38%  Streaming frame 166/720
  █████████░░░░░░░░░░░░░░░░  38%  Streaming frame 167/720
  █████████░░░░░░░░░░░░░░░░  38%  Streaming frame 168/720
  █████████░░░░░░░░░░░░░░░░  38%  Streaming frame 169/720
  █████████░░░░░░░░░░░░░░░░  38%  Streaming frame 170/720
  █████████░░░░░░░░░░░░░░░░  38%  Streaming frame 171/720
  █████████░░░░░░░░░░░░░░░░  38%  Streaming frame 172/720
  █████████░░░░░░░░░░░░░░░░  38%  Streaming frame 173/720
  █████████░░░░░░░░░░░░░░░░  38%  Streaming frame 174/720
  █████████░░░░░░░░░░░░░░░░  38%  Streaming frame 175/720
  █████████░░░░░░░░░░░░░░░░  38%  Streaming frame 176/720
  █████████░░░░░░░░░░░░░░░░  39%  Streaming frame 177/720
  █████████░░░░░░░░░░░░░░░░  39%  Streaming frame 178/720
  █████████░░░░░░░░░░░░░░░░  39%  Streaming frame 179/720
  █████████░░░░░░░░░░░░░░░░  39%  Streaming frame 180/720
  █████████░░░░░░░░░░░░░░░░  39%  Streaming frame 181/720
  █████████░░░░░░░░░░░░░░░░  39%  Streaming frame 182/720
  █████████░░░░░░░░░░░░░░░░  39%  Streaming frame 183/720
  █████████░░░░░░░░░░░░░░░░  39%  Streaming frame 184/720
  █████████░░░░░░░░░░░░░░░░  39%  Streaming frame 185/720
  █████████░░░░░░░░░░░░░░░░  39%  Streaming frame 186/720
  █████████░░░░░░░░░░░░░░░░  39%  Streaming frame 187/720
  █████████░░░░░░░░░░░░░░░░  39%  Streaming frame 188/720
  █████████░░░░░░░░░░░░░░░░  39%  Streaming frame 189/720
  ██████████░░░░░░░░░░░░░░░  40%  Streaming frame 190/720
  ██████████░░░░░░░░░░░░░░░  40%  Streaming frame 191/720
  ██████████░░░░░░░░░░░░░░░  40%  Streaming frame 192/720
  ██████████░░░░░░░░░░░░░░░  40%  Streaming frame 193/720
  ██████████░░░░░░░░░░░░░░░  40%  Streaming frame 194/720
  ██████████░░░░░░░░░░░░░░░  40%  Streaming frame 195/720
  ██████████░░░░░░░░░░░░░░░  40%  Streaming frame 196/720
  ██████████░░░░░░░░░░░░░░░  40%  Streaming frame 197/720
  ██████████░░░░░░░░░░░░░░░  40%  Streaming frame 198/720
  ██████████░░░░░░░░░░░░░░░  40%  Streaming frame 199/720
  ██████████░░░░░░░░░░░░░░░  40%  Streaming frame 200/720
  ██████████░░░░░░░░░░░░░░░  40%  Streaming frame 201/720
  ██████████░░░░░░░░░░░░░░░  40%  Streaming frame 202/720
  ██████████░░░░░░░░░░░░░░░  41%  Streaming frame 203/720
  ██████████░░░░░░░░░░░░░░░  41%  Streaming frame 204/720
  ██████████░░░░░░░░░░░░░░░  41%  Streaming frame 205/720
  ██████████░░░░░░░░░░░░░░░  41%  Streaming frame 206/720
  ██████████░░░░░░░░░░░░░░░  41%  Streaming frame 207/720
  ██████████░░░░░░░░░░░░░░░  41%  Streaming frame 208/720
  ██████████░░░░░░░░░░░░░░░  41%  Streaming frame 209/720
  ██████████░░░░░░░░░░░░░░░  41%  Streaming frame 210/720
  ██████████░░░░░░░░░░░░░░░  41%  Streaming frame 211/720
  ██████████░░░░░░░░░░░░░░░  41%  Streaming frame 212/720
  ██████████░░░░░░░░░░░░░░░  41%  Streaming frame 213/720
  ██████████░░░░░░░░░░░░░░░  41%  Streaming frame 214/720
  ██████████░░░░░░░░░░░░░░░  41%  Streaming frame 215/720
  ██████████░░░░░░░░░░░░░░░  42%  Streaming frame 216/720
  ██████████░░░░░░░░░░░░░░░  42%  Streaming frame 217/720
  ██████████░░░░░░░░░░░░░░░  42%  Streaming frame 218/720
  ██████████░░░░░░░░░░░░░░░  42%  Streaming frame 219/720
  ██████████░░░░░░░░░░░░░░░  42%  Streaming frame 220/720
  ██████████░░░░░░░░░░░░░░░  42%  Streaming frame 221/720
  ██████████░░░░░░░░░░░░░░░  42%  Streaming frame 222/720
  ██████████░░░░░░░░░░░░░░░  42%  Streaming frame 223/720
  ██████████░░░░░░░░░░░░░░░  42%  Streaming frame 224/720
  ██████████░░░░░░░░░░░░░░░  42%  Streaming frame 225/720
  ██████████░░░░░░░░░░░░░░░  42%  Streaming frame 226/720
  ██████████░░░░░░░░░░░░░░░  42%  Streaming frame 227/720
  ██████████░░░░░░░░░░░░░░░  42%  Streaming frame 228/720
  ██████████░░░░░░░░░░░░░░░  42%  Streaming frame 229/720
  ██████████░░░░░░░░░░░░░░░  43%  Streaming frame 230/720
  ██████████░░░░░░░░░░░░░░░  43%  Streaming frame 231/720
  ██████████░░░░░░░░░░░░░░░  43%  Streaming frame 232/720
  ██████████░░░░░░░░░░░░░░░  43%  Streaming frame 233/720
  ██████████░░░░░░░░░░░░░░░  43%  Streaming frame 234/720
  ██████████░░░░░░░░░░░░░░░  43%  Streaming frame 235/720
  ██████████░░░░░░░░░░░░░░░  43%  Streaming frame 236/720
  ██████████░░░░░░░░░░░░░░░  43%  Streaming frame 237/720
  ██████████░░░░░░░░░░░░░░░  43%  Streaming frame 238/720
  ██████████░░░░░░░░░░░░░░░  43%  Streaming frame 239/720
  ██████████░░░░░░░░░░░░░░░  43%  Streaming frame 240/720
  ██████████░░░░░░░░░░░░░░░  43%  Streaming frame 241/720
  ██████████░░░░░░░░░░░░░░░  43%  Streaming frame 242/720
  ███████████░░░░░░░░░░░░░░  44%  Streaming frame 243/720
  ███████████░░░░░░░░░░░░░░  44%  Streaming frame 244/720
  ███████████░░░░░░░░░░░░░░  44%  Streaming frame 245/720
  ███████████░░░░░░░░░░░░░░  44%  Streaming frame 246/720
  ███████████░░░░░░░░░░░░░░  44%  Streaming frame 247/720
  ███████████░░░░░░░░░░░░░░  44%  Streaming frame 248/720
  ███████████░░░░░░░░░░░░░░  44%  Streaming frame 249/720
  ███████████░░░░░░░░░░░░░░  44%  Streaming frame 250/720
  ███████████░░░░░░░░░░░░░░  44%  Streaming frame 251/720
  ███████████░░░░░░░░░░░░░░  44%  Streaming frame 252/720
  ███████████░░░░░░░░░░░░░░  44%  Streaming frame 253/720
  ███████████░░░░░░░░░░░░░░  44%  Streaming frame 254/720
  ███████████░░░░░░░░░░░░░░  44%  Streaming frame 255/720
  ███████████░░░░░░░░░░░░░░  45%  Streaming frame 256/720
  ███████████░░░░░░░░░░░░░░  45%  Streaming frame 257/720
  ███████████░░░░░░░░░░░░░░  45%  Streaming frame 258/720
  ███████████░░░░░░░░░░░░░░  45%  Streaming frame 259/720
  ███████████░░░░░░░░░░░░░░  45%  Streaming frame 260/720
  ███████████░░░░░░░░░░░░░░  45%  Streaming frame 261/720
  ███████████░░░░░░░░░░░░░░  45%  Streaming frame 262/720
  ███████████░░░░░░░░░░░░░░  45%  Streaming frame 263/720
  ███████████░░░░░░░░░░░░░░  45%  Streaming frame 264/720
  ███████████░░░░░░░░░░░░░░  45%  Streaming frame 265/720
  ███████████░░░░░░░░░░░░░░  45%  Streaming frame 266/720
  ███████████░░░░░░░░░░░░░░  45%  Streaming frame 267/720
  ███████████░░░░░░░░░░░░░░  45%  Streaming frame 268/720
  ███████████░░░░░░░░░░░░░░  46%  Streaming frame 269/720
  ███████████░░░░░░░░░░░░░░  46%  Streaming frame 270/720
  ███████████░░░░░░░░░░░░░░  46%  Streaming frame 271/720
  ███████████░░░░░░░░░░░░░░  46%  Streaming frame 272/720
  ███████████░░░░░░░░░░░░░░  46%  Streaming frame 273/720
  ███████████░░░░░░░░░░░░░░  46%  Streaming frame 274/720
  ███████████░░░░░░░░░░░░░░  46%  Streaming frame 275/720
  ███████████░░░░░░░░░░░░░░  46%  Streaming frame 276/720
  ███████████░░░░░░░░░░░░░░  46%  Streaming frame 277/720
  ███████████░░░░░░░░░░░░░░  46%  Streaming frame 278/720
  ███████████░░░░░░░░░░░░░░  46%  Streaming frame 279/720
  ███████████░░░░░░░░░░░░░░  46%  Streaming frame 280/720
  ███████████░░░░░░░░░░░░░░  46%  Streaming frame 281/720
  ███████████░░░░░░░░░░░░░░  47%  Streaming frame 282/720
  ███████████░░░░░░░░░░░░░░  47%  Streaming frame 283/720
  ███████████░░░░░░░░░░░░░░  47%  Streaming frame 284/720
  ███████████░░░░░░░░░░░░░░  47%  Streaming frame 285/720
  ███████████░░░░░░░░░░░░░░  47%  Streaming frame 286/720
  ███████████░░░░░░░░░░░░░░  47%  Streaming frame 287/720
  ███████████░░░░░░░░░░░░░░  47%  Streaming frame 288/720
  ███████████░░░░░░░░░░░░░░  47%  Streaming frame 289/720
  ███████████░░░░░░░░░░░░░░  47%  Streaming frame 290/720
  ███████████░░░░░░░░░░░░░░  47%  Streaming frame 291/720
  ███████████░░░░░░░░░░░░░░  47%  Streaming frame 292/720
  ███████████░░░░░░░░░░░░░░  47%  Streaming frame 293/720
  ███████████░░░░░░░░░░░░░░  47%  Streaming frame 294/720
  ████████████░░░░░░░░░░░░░  48%  Streaming frame 295/720
  ████████████░░░░░░░░░░░░░  48%  Streaming frame 296/720
  ████████████░░░░░░░░░░░░░  48%  Streaming frame 297/720
  ████████████░░░░░░░░░░░░░  48%  Streaming frame 298/720
  ████████████░░░░░░░░░░░░░  48%  Streaming frame 299/720
  ████████████░░░░░░░░░░░░░  48%  Streaming frame 300/720
  ████████████░░░░░░░░░░░░░  48%  Streaming frame 301/720
  ████████████░░░░░░░░░░░░░  48%  Streaming frame 302/720
  ████████████░░░░░░░░░░░░░  48%  Streaming frame 303/720
  ████████████░░░░░░░░░░░░░  48%  Streaming frame 304/720
  ████████████░░░░░░░░░░░░░  48%  Streaming frame 305/720
  ████████████░░░░░░░░░░░░░  48%  Streaming frame 306/720
  ████████████░░░░░░░░░░░░░  48%  Streaming frame 307/720
  ████████████░░░░░░░░░░░░░  49%  Streaming frame 308/720
  ████████████░░░░░░░░░░░░░  49%  Streaming frame 309/720
  ████████████░░░░░░░░░░░░░  49%  Streaming frame 310/720
  ████████████░░░░░░░░░░░░░  49%  Streaming frame 311/720
  ████████████░░░░░░░░░░░░░  49%  Streaming frame 312/720
  ████████████░░░░░░░░░░░░░  49%  Streaming frame 313/720
  ████████████░░░░░░░░░░░░░  49%  Streaming frame 314/720
  ████████████░░░░░░░░░░░░░  49%  Streaming frame 315/720
  ████████████░░░░░░░░░░░░░  49%  Streaming frame 316/720
  ████████████░░░░░░░░░░░░░  49%  Streaming frame 317/720
  ████████████░░░░░░░░░░░░░  49%  Streaming frame 318/720
  ████████████░░░░░░░░░░░░░  49%  Streaming frame 319/720
  ████████████░░░░░░░░░░░░░  49%  Streaming frame 320/720
  ████████████░░░░░░░░░░░░░  50%  Streaming frame 321/720
  ████████████░░░░░░░░░░░░░  50%  Streaming frame 322/720
  ████████████░░░░░░░░░░░░░  50%  Streaming frame 323/720
  ████████████░░░░░░░░░░░░░  50%  Streaming frame 324/720
  ████████████░░░░░░░░░░░░░  50%  Streaming frame 325/720
  ████████████░░░░░░░░░░░░░  50%  Streaming frame 326/720
  ████████████░░░░░░░░░░░░░  50%  Streaming frame 327/720
  ████████████░░░░░░░░░░░░░  50%  Streaming frame 328/720
  ████████████░░░░░░░░░░░░░  50%  Streaming frame 329/720
  ████████████░░░░░░░░░░░░░  50%  Streaming frame 330/720
  ████████████░░░░░░░░░░░░░  50%  Streaming frame 331/720
  ████████████░░░░░░░░░░░░░  50%  Streaming frame 332/720
  ████████████░░░░░░░░░░░░░  50%  Streaming frame 333/720
  ████████████░░░░░░░░░░░░░  51%  Streaming frame 334/720
  ████████████░░░░░░░░░░░░░  51%  Streaming frame 335/720
  ████████████░░░░░░░░░░░░░  51%  Streaming frame 336/720
  ████████████░░░░░░░░░░░░░  51%  Streaming frame 337/720
  ████████████░░░░░░░░░░░░░  51%  Streaming frame 338/720
  ████████████░░░░░░░░░░░░░  51%  Streaming frame 339/720
  ████████████░░░░░░░░░░░░░  51%  Streaming frame 340/720
  ████████████░░░░░░░░░░░░░  51%  Streaming frame 341/720
  ████████████░░░░░░░░░░░░░  51%  Streaming frame 342/720
  ████████████░░░░░░░░░░░░░  51%  Streaming frame 343/720
  ████████████░░░░░░░░░░░░░  51%  Streaming frame 344/720
  ████████████░░░░░░░░░░░░░  51%  Streaming frame 345/720
  ████████████░░░░░░░░░░░░░  51%  Streaming frame 346/720
  █████████████░░░░░░░░░░░░  52%  Streaming frame 347/720
  █████████████░░░░░░░░░░░░  52%  Streaming frame 348/720
  █████████████░░░░░░░░░░░░  52%  Streaming frame 349/720
  █████████████░░░░░░░░░░░░  52%  Streaming frame 350/720
  █████████████░░░░░░░░░░░░  52%  Streaming frame 351/720
  █████████████░░░░░░░░░░░░  52%  Streaming frame 352/720
  █████████████░░░░░░░░░░░░  52%  Streaming frame 353/720
  █████████████░░░░░░░░░░░░  52%  Streaming frame 354/720
  █████████████░░░░░░░░░░░░  52%  Streaming frame 355/720
  █████████████░░░░░░░░░░░░  52%  Streaming frame 356/720
  █████████████░░░░░░░░░░░░  52%  Streaming frame 357/720
  █████████████░░░░░░░░░░░░  52%  Streaming frame 358/720
  █████████████░░░░░░░░░░░░  52%  Streaming frame 359/720
  █████████████░░░░░░░░░░░░  53%  Streaming frame 360/720
  █████████████░░░░░░░░░░░░  53%  Streaming frame 361/720
  █████████████░░░░░░░░░░░░  53%  Streaming frame 362/720
  █████████████░░░░░░░░░░░░  53%  Streaming frame 363/720
  █████████████░░░░░░░░░░░░  53%  Streaming frame 364/720
  █████████████░░░░░░░░░░░░  53%  Streaming frame 365/720
  █████████████░░░░░░░░░░░░  53%  Streaming frame 366/720
  █████████████░░░░░░░░░░░░  53%  Streaming frame 367/720
  █████████████░░░░░░░░░░░░  53%  Streaming frame 368/720
  █████████████░░░░░░░░░░░░  53%  Streaming frame 369/720
  █████████████░░░░░░░░░░░░  53%  Streaming frame 370/720
  █████████████░░░░░░░░░░░░  53%  Streaming frame 371/720
  █████████████░░░░░░░░░░░░  53%  Streaming frame 372/720
  █████████████░░░░░░░░░░░░  53%  Streaming frame 373/720
  █████████████░░░░░░░░░░░░  54%  Streaming frame 374/720
  █████████████░░░░░░░░░░░░  54%  Streaming frame 375/720
  █████████████░░░░░░░░░░░░  54%  Streaming frame 376/720
  █████████████░░░░░░░░░░░░  54%  Streaming frame 377/720
  █████████████░░░░░░░░░░░░  54%  Streaming frame 378/720
  █████████████░░░░░░░░░░░░  54%  Streaming frame 379/720
  █████████████░░░░░░░░░░░░  54%  Streaming frame 380/720
  █████████████░░░░░░░░░░░░  54%  Streaming frame 381/720
  █████████████░░░░░░░░░░░░  54%  Streaming frame 382/720
  █████████████░░░░░░░░░░░░  54%  Streaming frame 383/720
  █████████████░░░░░░░░░░░░  54%  Streaming frame 384/720
  █████████████░░░░░░░░░░░░  54%  Streaming frame 385/720
  █████████████░░░░░░░░░░░░  54%  Streaming frame 386/720
  █████████████░░░░░░░░░░░░  55%  Streaming frame 387/720
  █████████████░░░░░░░░░░░░  55%  Streaming frame 388/720
  █████████████░░░░░░░░░░░░  55%  Streaming frame 389/720
  █████████████░░░░░░░░░░░░  55%  Streaming frame 390/720
  █████████████░░░░░░░░░░░░  55%  Streaming frame 391/720
  █████████████░░░░░░░░░░░░  55%  Streaming frame 392/720
  █████████████░░░░░░░░░░░░  55%  Streaming frame 393/720
  █████████████░░░░░░░░░░░░  55%  Streaming frame 394/720
  █████████████░░░░░░░░░░░░  55%  Streaming frame 395/720
  █████████████░░░░░░░░░░░░  55%  Streaming frame 396/720
  █████████████░░░░░░░░░░░░  55%  Streaming frame 397/720
  █████████████░░░░░░░░░░░░  55%  Streaming frame 398/720
  █████████████░░░░░░░░░░░░  55%  Streaming frame 399/720
  ██████████████░░░░░░░░░░░  56%  Streaming frame 400/720
  ██████████████░░░░░░░░░░░  56%  Streaming frame 401/720
  ██████████████░░░░░░░░░░░  56%  Streaming frame 402/720
  ██████████████░░░░░░░░░░░  56%  Streaming frame 403/720
  ██████████████░░░░░░░░░░░  56%  Streaming frame 404/720
  ██████████████░░░░░░░░░░░  56%  Streaming frame 405/720
  ██████████████░░░░░░░░░░░  56%  Streaming frame 406/720
  ██████████████░░░░░░░░░░░  56%  Streaming frame 407/720
  ██████████████░░░░░░░░░░░  56%  Streaming frame 408/720
  ██████████████░░░░░░░░░░░  56%  Streaming frame 409/720
  ██████████████░░░░░░░░░░░  56%  Streaming frame 410/720
  ██████████████░░░░░░░░░░░  56%  Streaming frame 411/720
  ██████████████░░░░░░░░░░░  56%  Streaming frame 412/720
  ██████████████░░░░░░░░░░░  57%  Streaming frame 413/720
  ██████████████░░░░░░░░░░░  57%  Streaming frame 414/720
  ██████████████░░░░░░░░░░░  57%  Streaming frame 415/720
  ██████████████░░░░░░░░░░░  57%  Streaming frame 416/720
  ██████████████░░░░░░░░░░░  57%  Streaming frame 417/720
  ██████████████░░░░░░░░░░░  57%  Streaming frame 418/720
  ██████████████░░░░░░░░░░░  57%  Streaming frame 419/720
  ██████████████░░░░░░░░░░░  57%  Streaming frame 420/720
  ██████████████░░░░░░░░░░░  57%  Streaming frame 421/720
  ██████████████░░░░░░░░░░░  57%  Streaming frame 422/720
  ██████████████░░░░░░░░░░░  57%  Streaming frame 423/720
  ██████████████░░░░░░░░░░░  57%  Streaming frame 424/720
  ██████████████░░░░░░░░░░░  57%  Streaming frame 425/720
  ██████████████░░░░░░░░░░░  58%  Streaming frame 426/720
  ██████████████░░░░░░░░░░░  58%  Streaming frame 427/720
  ██████████████░░░░░░░░░░░  58%  Streaming frame 428/720
  ██████████████░░░░░░░░░░░  58%  Streaming frame 429/720
  ██████████████░░░░░░░░░░░  58%  Streaming frame 430/720
  ██████████████░░░░░░░░░░░  58%  Streaming frame 431/720
  ██████████████░░░░░░░░░░░  58%  Streaming frame 432/720
  ██████████████░░░░░░░░░░░  58%  Streaming frame 433/720
  ██████████████░░░░░░░░░░░  58%  Streaming frame 434/720
  ██████████████░░░░░░░░░░░  58%  Streaming frame 435/720
  ██████████████░░░░░░░░░░░  58%  Streaming frame 436/720
  ██████████████░░░░░░░░░░░  58%  Streaming frame 437/720
  ██████████████░░░░░░░░░░░  58%  Streaming frame 438/720
  ██████████████░░░░░░░░░░░  59%  Streaming frame 439/720
  ██████████████░░░░░░░░░░░  59%  Streaming frame 440/720
  ██████████████░░░░░░░░░░░  59%  Streaming frame 441/720
  ██████████████░░░░░░░░░░░  59%  Streaming frame 442/720
  ██████████████░░░░░░░░░░░  59%  Streaming frame 443/720
  ██████████████░░░░░░░░░░░  59%  Streaming frame 444/720
  ██████████████░░░░░░░░░░░  59%  Streaming frame 445/720
  ██████████████░░░░░░░░░░░  59%  Streaming frame 446/720
  ██████████████░░░░░░░░░░░  59%  Streaming frame 447/720
  ██████████████░░░░░░░░░░░  59%  Streaming frame 448/720
  ██████████████░░░░░░░░░░░  59%  Streaming frame 449/720
  ██████████████░░░░░░░░░░░  59%  Streaming frame 450/720
  ██████████████░░░░░░░░░░░  59%  Streaming frame 451/720
  ███████████████░░░░░░░░░░  60%  Streaming frame 452/720
  ███████████████░░░░░░░░░░  60%  Streaming frame 453/720
  ███████████████░░░░░░░░░░  60%  Streaming frame 454/720
  ███████████████░░░░░░░░░░  60%  Streaming frame 455/720
  ███████████████░░░░░░░░░░  60%  Streaming frame 456/720
  ███████████████░░░░░░░░░░  60%  Streaming frame 457/720
  ███████████████░░░░░░░░░░  60%  Streaming frame 458/720
  ███████████████░░░░░░░░░░  60%  Streaming frame 459/720
  ███████████████░░░░░░░░░░  60%  Streaming frame 460/720
  ███████████████░░░░░░░░░░  60%  Streaming frame 461/720
  ███████████████░░░░░░░░░░  60%  Streaming frame 462/720
  ███████████████░░░░░░░░░░  60%  Streaming frame 463/720
  ███████████████░░░░░░░░░░  60%  Streaming frame 464/720
  ███████████████░░░░░░░░░░  61%  Streaming frame 465/720
  ███████████████░░░░░░░░░░  61%  Streaming frame 466/720
  ███████████████░░░░░░░░░░  61%  Streaming frame 467/720
  ███████████████░░░░░░░░░░  61%  Streaming frame 468/720
  ███████████████░░░░░░░░░░  61%  Streaming frame 469/720
  ███████████████░░░░░░░░░░  61%  Streaming frame 470/720
  ███████████████░░░░░░░░░░  61%  Streaming frame 471/720
  ███████████████░░░░░░░░░░  61%  Streaming frame 472/720
  ███████████████░░░░░░░░░░  61%  Streaming frame 473/720
  ███████████████░░░░░░░░░░  61%  Streaming frame 474/720
  ███████████████░░░░░░░░░░  61%  Streaming frame 475/720
  ███████████████░░░░░░░░░░  61%  Streaming frame 476/720
  ███████████████░░░░░░░░░░  61%  Streaming frame 477/720
  ███████████████░░░░░░░░░░  62%  Streaming frame 478/720
  ███████████████░░░░░░░░░░  62%  Streaming frame 479/720
  ███████████████░░░░░░░░░░  62%  Streaming frame 480/720
  ███████████████░░░░░░░░░░  62%  Streaming frame 481/720
  ███████████████░░░░░░░░░░  62%  Streaming frame 482/720
  ███████████████░░░░░░░░░░  62%  Streaming frame 483/720
  ███████████████░░░░░░░░░░  62%  Streaming frame 484/720
  ███████████████░░░░░░░░░░  62%  Streaming frame 485/720
  ███████████████░░░░░░░░░░  62%  Streaming frame 486/720
  ███████████████░░░░░░░░░░  62%  Streaming frame 487/720
  ███████████████░░░░░░░░░░  62%  Streaming frame 488/720
  ███████████████░░░░░░░░░░  62%  Streaming frame 489/720
  ███████████████░░░░░░░░░░  62%  Streaming frame 490/720
  ███████████████░░░░░░░░░░  63%  Streaming frame 491/720
  ███████████████░░░░░░░░░░  63%  Streaming frame 492/720
  ███████████████░░░░░░░░░░  63%  Streaming frame 493/720
  ███████████████░░░░░░░░░░  63%  Streaming frame 494/720
  ███████████████░░░░░░░░░░  63%  Streaming frame 495/720
  ███████████████░░░░░░░░░░  63%  Streaming frame 496/720
  ███████████████░░░░░░░░░░  63%  Streaming frame 497/720
  ███████████████░░░░░░░░░░  63%  Streaming frame 498/720
  ███████████████░░░░░░░░░░  63%  Streaming frame 499/720
  ███████████████░░░░░░░░░░  63%  Streaming frame 500/720
  ███████████████░░░░░░░░░░  63%  Streaming frame 501/720
  ███████████████░░░░░░░░░░  63%  Streaming frame 502/720
  ███████████████░░░░░░░░░░  63%  Streaming frame 503/720
  ████████████████░░░░░░░░░  64%  Streaming frame 504/720
  ████████████████░░░░░░░░░  64%  Streaming frame 505/720
  ████████████████░░░░░░░░░  64%  Streaming frame 506/720
  ████████████████░░░░░░░░░  64%  Streaming frame 507/720
  ████████████████░░░░░░░░░  64%  Streaming frame 508/720
  ████████████████░░░░░░░░░  64%  Streaming frame 509/720
  ████████████████░░░░░░░░░  64%  Streaming frame 510/720
  ████████████████░░░░░░░░░  64%  Streaming frame 511/720
  ████████████████░░░░░░░░░  64%  Streaming frame 512/720
  ████████████████░░░░░░░░░  64%  Streaming frame 513/720
  ████████████████░░░░░░░░░  64%  Streaming frame 514/720
  ████████████████░░░░░░░░░  64%  Streaming frame 515/720
  ████████████████░░░░░░░░░  64%  Streaming frame 516/720
  ████████████████░░░░░░░░░  64%  Streaming frame 517/720
  ████████████████░░░░░░░░░  65%  Streaming frame 518/720
  ████████████████░░░░░░░░░  65%  Streaming frame 519/720
  ████████████████░░░░░░░░░  65%  Streaming frame 520/720
  ████████████████░░░░░░░░░  65%  Streaming frame 521/720
  ████████████████░░░░░░░░░  65%  Streaming frame 522/720
  ████████████████░░░░░░░░░  65%  Streaming frame 523/720
  ████████████████░░░░░░░░░  65%  Streaming frame 524/720
  ████████████████░░░░░░░░░  65%  Streaming frame 525/720
  ████████████████░░░░░░░░░  65%  Streaming frame 526/720
  ████████████████░░░░░░░░░  65%  Streaming frame 527/720
  ████████████████░░░░░░░░░  65%  Streaming frame 528/720
  ████████████████░░░░░░░░░  65%  Streaming frame 529/720
  ████████████████░░░░░░░░░  65%  Streaming frame 530/720
  ████████████████░░░░░░░░░  66%  Streaming frame 531/720
  ████████████████░░░░░░░░░  66%  Streaming frame 532/720
  ████████████████░░░░░░░░░  66%  Streaming frame 533/720
  ████████████████░░░░░░░░░  66%  Streaming frame 534/720
  ████████████████░░░░░░░░░  66%  Streaming frame 535/720
  ████████████████░░░░░░░░░  66%  Streaming frame 536/720
  ████████████████░░░░░░░░░  66%  Streaming frame 537/720
  ████████████████░░░░░░░░░  66%  Streaming frame 538/720
  ████████████████░░░░░░░░░  66%  Streaming frame 539/720
  ████████████████░░░░░░░░░  66%  Streaming frame 540/720
  ████████████████░░░░░░░░░  66%  Streaming frame 541/720
  ████████████████░░░░░░░░░  66%  Streaming frame 542/720
  ████████████████░░░░░░░░░  66%  Streaming frame 543/720
  ████████████████░░░░░░░░░  67%  Streaming frame 544/720
  ████████████████░░░░░░░░░  67%  Streaming frame 545/720
  ████████████████░░░░░░░░░  67%  Streaming frame 546/720
  ████████████████░░░░░░░░░  67%  Streaming frame 547/720
  ████████████████░░░░░░░░░  67%  Streaming frame 548/720
  ████████████████░░░░░░░░░  67%  Streaming frame 549/720
  ████████████████░░░░░░░░░  67%  Streaming frame 550/720
  ████████████████░░░░░░░░░  67%  Streaming frame 551/720
  ████████████████░░░░░░░░░  67%  Streaming frame 552/720
  ████████████████░░░░░░░░░  67%  Streaming frame 553/720
  ████████████████░░░░░░░░░  67%  Streaming frame 554/720
  ████████████████░░░░░░░░░  67%  Streaming frame 555/720
  ████████████████░░░░░░░░░  67%  Streaming frame 556/720
  █████████████████░░░░░░░░  68%  Streaming frame 557/720
  █████████████████░░░░░░░░  68%  Streaming frame 558/720
  █████████████████░░░░░░░░  68%  Streaming frame 559/720
  █████████████████░░░░░░░░  68%  Streaming frame 560/720
  █████████████████░░░░░░░░  68%  Streaming frame 561/720
  █████████████████░░░░░░░░  68%  Streaming frame 562/720
  █████████████████░░░░░░░░  68%  Streaming frame 563/720
  █████████████████░░░░░░░░  68%  Streaming frame 564/720
  █████████████████░░░░░░░░  68%  Streaming frame 565/720
  █████████████████░░░░░░░░  68%  Streaming frame 566/720
  █████████████████░░░░░░░░  68%  Streaming frame 567/720
  █████████████████░░░░░░░░  68%  Streaming frame 568/720
  █████████████████░░░░░░░░  68%  Streaming frame 569/720
  █████████████████░░░░░░░░  69%  Streaming frame 570/720
  █████████████████░░░░░░░░  69%  Streaming frame 571/720
  █████████████████░░░░░░░░  69%  Streaming frame 572/720
  █████████████████░░░░░░░░  69%  Streaming frame 573/720
  █████████████████░░░░░░░░  69%  Streaming frame 574/720
  █████████████████░░░░░░░░  69%  Streaming frame 575/720
  █████████████████░░░░░░░░  69%  Streaming frame 576/720
  █████████████████░░░░░░░░  69%  Streaming frame 577/720
  █████████████████░░░░░░░░  69%  Streaming frame 578/720
  █████████████████░░░░░░░░  69%  Streaming frame 579/720
  █████████████████░░░░░░░░  69%  Streaming frame 580/720
  █████████████████░░░░░░░░  69%  Streaming frame 581/720
  █████████████████░░░░░░░░  69%  Streaming frame 582/720
  █████████████████░░░░░░░░  70%  Streaming frame 583/720
  █████████████████░░░░░░░░  70%  Streaming frame 584/720
  █████████████████░░░░░░░░  70%  Streaming frame 585/720
  █████████████████░░░░░░░░  70%  Streaming frame 586/720
  █████████████████░░░░░░░░  70%  Streaming frame 587/720
  █████████████████░░░░░░░░  70%  Streaming frame 588/720
  █████████████████░░░░░░░░  70%  Streaming frame 589/720
  █████████████████░░░░░░░░  70%  Streaming frame 590/720
  █████████████████░░░░░░░░  70%  Streaming frame 591/720
  █████████████████░░░░░░░░  70%  Streaming frame 592/720
  █████████████████░░░░░░░░  70%  Streaming frame 593/720
  █████████████████░░░░░░░░  70%  Streaming frame 594/720
  █████████████████░░░░░░░░  70%  Streaming frame 595/720
  █████████████████░░░░░░░░  71%  Streaming frame 596/720
  █████████████████░░░░░░░░  71%  Streaming frame 597/720
  █████████████████░░░░░░░░  71%  Streaming frame 598/720
  █████████████████░░░░░░░░  71%  Streaming frame 599/720
  █████████████████░░░░░░░░  71%  Streaming frame 600/720
  █████████████████░░░░░░░░  71%  Streaming frame 601/720
  █████████████████░░░░░░░░  71%  Streaming frame 602/720
  █████████████████░░░░░░░░  71%  Streaming frame 603/720
  █████████████████░░░░░░░░  71%  Streaming frame 604/720
  █████████████████░░░░░░░░  71%  Streaming frame 605/720
  █████████████████░░░░░░░░  71%  Streaming frame 606/720
  █████████████████░░░░░░░░  71%  Streaming frame 607/720
  █████████████████░░░░░░░░  71%  Streaming frame 608/720
  ██████████████████░░░░░░░  72%  Streaming frame 609/720
  ██████████████████░░░░░░░  72%  Streaming frame 610/720
  ██████████████████░░░░░░░  72%  Streaming frame 611/720
  ██████████████████░░░░░░░  72%  Streaming frame 612/720
  ██████████████████░░░░░░░  72%  Streaming frame 613/720
  ██████████████████░░░░░░░  72%  Streaming frame 614/720
  ██████████████████░░░░░░░  72%  Streaming frame 615/720
  ██████████████████░░░░░░░  72%  Streaming frame 616/720
  ██████████████████░░░░░░░  72%  Streaming frame 617/720
  ██████████████████░░░░░░░  72%  Streaming frame 618/720
  ██████████████████░░░░░░░  72%  Streaming frame 619/720
  ██████████████████░░░░░░░  72%  Streaming frame 620/720
  ██████████████████░░░░░░░  72%  Streaming frame 621/720
  ██████████████████░░░░░░░  73%  Streaming frame 622/720
  ██████████████████░░░░░░░  73%  Streaming frame 623/720
  ██████████████████░░░░░░░  73%  Streaming frame 624/720
  ██████████████████░░░░░░░  73%  Streaming frame 625/720
  ██████████████████░░░░░░░  73%  Streaming frame 626/720
  ██████████████████░░░░░░░  73%  Streaming frame 627/720
  ██████████████████░░░░░░░  73%  Streaming frame 628/720
  ██████████████████░░░░░░░  73%  Streaming frame 629/720
  ██████████████████░░░░░░░  73%  Streaming frame 630/720
  ██████████████████░░░░░░░  73%  Streaming frame 631/720
  ██████████████████░░░░░░░  73%  Streaming frame 632/720
  ██████████████████░░░░░░░  73%  Streaming frame 633/720
  ██████████████████░░░░░░░  73%  Streaming frame 634/720
  ██████████████████░░░░░░░  74%  Streaming frame 635/720
  ██████████████████░░░░░░░  74%  Streaming frame 636/720
  ██████████████████░░░░░░░  74%  Streaming frame 637/720
  ██████████████████░░░░░░░  74%  Streaming frame 638/720
  ██████████████████░░░░░░░  74%  Streaming frame 639/720
  ██████████████████░░░░░░░  74%  Streaming frame 640/720
  ██████████████████░░░░░░░  74%  Streaming frame 641/720
  ██████████████████░░░░░░░  74%  Streaming frame 642/720
  ██████████████████░░░░░░░  74%  Streaming frame 643/720
  ██████████████████░░░░░░░  74%  Streaming frame 644/720
  ██████████████████░░░░░░░  74%  Streaming frame 645/720
  ██████████████████░░░░░░░  74%  Streaming frame 646/720
  ██████████████████░░░░░░░  74%  Streaming frame 647/720
  ██████████████████░░░░░░░  75%  Streaming frame 648/720
  ██████████████████░░░░░░░  75%  Streaming frame 649/720
  ██████████████████░░░░░░░  75%  Streaming frame 650/720
  ██████████████████░░░░░░░  75%  Streaming frame 651/720
  ██████████████████░░░░░░░  75%  Streaming frame 652/720
  ██████████████████░░░░░░░  75%  Streaming frame 653/720
  ██████████████████░░░░░░░  75%  Streaming frame 654/720
  ██████████████████░░░░░░░  75%  Streaming frame 655/720
  ██████████████████░░░░░░░  75%  Streaming frame 656/720
  ██████████████████░░░░░░░  75%  Streaming frame 657/720
  ██████████████████░░░░░░░  75%  Streaming frame 658/720
  ██████████████████░░░░░░░  75%  Streaming frame 659/720
  ██████████████████░░░░░░░  75%  Streaming frame 660/720
  ██████████████████░░░░░░░  75%  Streaming frame 661/720
  ███████████████████░░░░░░  76%  Streaming frame 662/720
  ███████████████████░░░░░░  76%  Streaming frame 663/720
  ███████████████████░░░░░░  76%  Streaming frame 664/720
  ███████████████████░░░░░░  76%  Streaming frame 665/720
  ███████████████████░░░░░░  76%  Streaming frame 666/720
  ███████████████████░░░░░░  76%  Streaming frame 667/720
  ███████████████████░░░░░░  76%  Streaming frame 668/720
  ███████████████████░░░░░░  76%  Streaming frame 669/720
  ███████████████████░░░░░░  76%  Streaming frame 670/720
  ███████████████████░░░░░░  76%  Streaming frame 671/720
  ███████████████████░░░░░░  76%  Streaming frame 672/720
  ███████████████████░░░░░░  76%  Streaming frame 673/720
  ███████████████████░░░░░░  76%  Streaming frame 674/720
  ███████████████████░░░░░░  77%  Streaming frame 675/720
  ███████████████████░░░░░░  77%  Streaming frame 676/720
  ███████████████████░░░░░░  77%  Streaming frame 677/720
  ███████████████████░░░░░░  77%  Streaming frame 678/720
  ███████████████████░░░░░░  77%  Streaming frame 679/720
  ███████████████████░░░░░░  77%  Streaming frame 680/720
  ███████████████████░░░░░░  77%  Streaming frame 681/720
  ███████████████████░░░░░░  77%  Streaming frame 682/720
  ███████████████████░░░░░░  77%  Streaming frame 683/720
  ███████████████████░░░░░░  77%  Streaming frame 684/720
  ███████████████████░░░░░░  77%  Streaming frame 685/720
  ███████████████████░░░░░░  77%  Streaming frame 686/720
  ███████████████████░░░░░░  77%  Streaming frame 687/720
  ███████████████████░░░░░░  78%  Streaming frame 688/720
  ███████████████████░░░░░░  78%  Streaming frame 689/720
  ███████████████████░░░░░░  78%  Streaming frame 690/720
  ███████████████████░░░░░░  78%  Streaming frame 691/720
  ███████████████████░░░░░░  78%  Streaming frame 692/720
  ███████████████████░░░░░░  78%  Streaming frame 693/720
  ███████████████████░░░░░░  78%  Streaming frame 694/720
  ███████████████████░░░░░░  78%  Streaming frame 695/720
  ███████████████████░░░░░░  78%  Streaming frame 696/720
  ███████████████████░░░░░░  78%  Streaming frame 697/720
  ███████████████████░░░░░░  78%  Streaming frame 698/720
  ███████████████████░░░░░░  78%  Streaming frame 699/720
  ███████████████████░░░░░░  78%  Streaming frame 700/720
  ███████████████████░░░░░░  79%  Streaming frame 701/720
  ███████████████████░░░░░░  79%  Streaming frame 702/720
  ███████████████████░░░░░░  79%  Streaming frame 703/720
  ███████████████████░░░░░░  79%  Streaming frame 704/720
  ███████████████████░░░░░░  79%  Streaming frame 705/720
  ███████████████████░░░░░░  79%  Streaming frame 706/720
  ███████████████████░░░░░░  79%  Streaming frame 707/720
  ███████████████████░░░░░░  79%  Streaming frame 708/720
  ███████████████████░░░░░░  79%  Streaming frame 709/720
  ███████████████████░░░░░░  79%  Streaming frame 710/720
  ███████████████████░░░░░░  79%  Streaming frame 711/720
  ███████████████████░░░░░░  79%  Streaming frame 712/720
  ███████████████████░░░░░░  79%  Streaming frame 713/720
  ████████████████████░░░░░  80%  Streaming frame 714/720
  ████████████████████░░░░░  80%  Streaming frame 715/720
  ████████████████████░░░░░  80%  Streaming frame 716/720
  ████████████████████░░░░░  80%  Streaming frame 717/720
  ████████████████████░░░░░  80%  Streaming frame 718/720
  ████████████████████░░░░░  80%  Streaming frame 719/720
[static-dedup] reused 375/720 frame(s) (52%), est. ~15375ms saved (avg 41ms/frame)
  ████████████████████░░░░░  80%  Streaming frame 720/720
[INFO] [Render:trace] {"renderJobId":"49b5ee14-0432-4d97-8d5e-cd696c197d7b","phase":"capture_streaming","status":"end","elapsedMs":17380,"durationMs":17276,"stagePhase":"capturing","workerCount":1,"forceScreenshot":true,"totalFrames":720,"framesCompleted":720,"captureMode":"screenshot","captureOperation":"encode"}
[INFO] [Render:trace] {"renderJobId":"49b5ee14-0432-4d97-8d5e-cd696c197d7b","phase":"assemble","status":"start","elapsedMs":17381,"stagePhase":"capturing","hasAudio":false,"workerCount":1,"forceScreenshot":true,"totalFrames":720,"framesCompleted":720,"captureMode":"screenshot","captureOperation":"encode"}
  ██████████████████████░░░  90%  Assembling final video
[INFO] [Render:trace] {"renderJobId":"49b5ee14-0432-4d97-8d5e-cd696c197d7b","phase":"assemble","status":"end","elapsedMs":17424,"durationMs":43,"stagePhase":"capturing","hasAudio":false,"workerCount":1,"forceScreenshot":true,"totalFrames":720,"framesCompleted":720,"captureMode":"screenshot","captureOperation":"encode"}
[INFO] [Render:trace] {"renderJobId":"49b5ee14-0432-4d97-8d5e-cd696c197d7b","phase":"pipeline","status":"checkpoint","elapsedMs":17463,"message":"artifact validated","totalElapsedMs":17463}
  █████████████████████████  100%  Render complete

◇  /home/lake/workspaces/yingya/experiments/planning-20260914/results/grid/baseline/video/draft.mp4
   384.1 KB · 24.0s video · rendered in 17.5s
